---
source: tests/snapshots.rs
expression: "run_cli_args([\"--stats\", \"exists x1. x1^2 + x0 + x2 = 0\"])"
---
status: exit status: 0
stdout:
x0 + x2 <= 0
stderr:
stats:
  quantifier calls: 1
  cells constructed: 39
  leaf cells: 27
  sector cells: 26
  section cells: 13
  projection levels: 3
  projection polynomials: 10
  lifting order count: 1
  lifting order 0: x0 -> x2 -> x1
